Archive member included because of file (symbol)

/Users/Etienne/pebble-dev/PebbleSDK-2.6.1/Pebble/lib/libpebble.a(tmpDC1Ifbpebble.o)
                              src/handwritten.c.32.o (animation_schedule)

Allocating common symbols
Common symbol       size              file

_Inverted           0x1               autoconfig.c.32.o

Discarded input sections

 .text          0x0000000000000000        0x0 /Users/Etienne/pebble-dev/PebbleSDK-2.6.1/arm-cs-tools/bin/../lib/gcc/arm-none-eabi/4.7.2/thumb2/crti.o
 .bss           0x0000000000000000        0x0 /Users/Etienne/pebble-dev/PebbleSDK-2.6.1/arm-cs-tools/bin/../lib/gcc/arm-none-eabi/4.7.2/thumb2/crti.o
 .init          0x0000000000000000        0x4 /Users/Etienne/pebble-dev/PebbleSDK-2.6.1/arm-cs-tools/bin/../lib/gcc/arm-none-eabi/4.7.2/thumb2/crti.o
 .fini          0x0000000000000000        0x4 /Users/Etienne/pebble-dev/PebbleSDK-2.6.1/arm-cs-tools/bin/../lib/gcc/arm-none-eabi/4.7.2/thumb2/crti.o
 .text          0x0000000000000000       0xc8 /Users/Etienne/pebble-dev/PebbleSDK-2.6.1/arm-cs-tools/bin/../lib/gcc/arm-none-eabi/4.7.2/thumb2/crtbegin.o
 .bss           0x0000000000000000       0x1c /Users/Etienne/pebble-dev/PebbleSDK-2.6.1/arm-cs-tools/bin/../lib/gcc/arm-none-eabi/4.7.2/thumb2/crtbegin.o
 .init_array    0x0000000000000000        0x4 /Users/Etienne/pebble-dev/PebbleSDK-2.6.1/arm-cs-tools/bin/../lib/gcc/arm-none-eabi/4.7.2/thumb2/crtbegin.o
 .fini_array    0x0000000000000000        0x4 /Users/Etienne/pebble-dev/PebbleSDK-2.6.1/arm-cs-tools/bin/../lib/gcc/arm-none-eabi/4.7.2/thumb2/crtbegin.o
 .eh_frame      0x0000000000000000        0x0 /Users/Etienne/pebble-dev/PebbleSDK-2.6.1/arm-cs-tools/bin/../lib/gcc/arm-none-eabi/4.7.2/thumb2/crtbegin.o
 .jcr           0x0000000000000000        0x0 /Users/Etienne/pebble-dev/PebbleSDK-2.6.1/arm-cs-tools/bin/../lib/gcc/arm-none-eabi/4.7.2/thumb2/crtbegin.o
 .tm_clone_table
                0x0000000000000000        0x0 /Users/Etienne/pebble-dev/PebbleSDK-2.6.1/arm-cs-tools/bin/../lib/gcc/arm-none-eabi/4.7.2/thumb2/crtbegin.o
 .text          0x0000000000000000        0x0 src/handwritten.c.32.o
 .bss           0x0000000000000000        0x0 src/handwritten.c.32.o
 .text          0x0000000000000000        0x0 appinfo.auto.c.32.o
 .bss           0x0000000000000000        0x0 appinfo.auto.c.32.o
 .text          0x0000000000000000        0x0 autoconfig.c.32.o
 .bss           0x0000000000000000        0x0 autoconfig.c.32.o
 .text.setInverted
                0x0000000000000000       0x14 autoconfig.c.32.o
 .bss           0x0000000000000000        0x0 /Users/Etienne/pebble-dev/PebbleSDK-2.6.1/Pebble/lib/libpebble.a(tmpDC1Ifbpebble.o)
 .text.accel_data_service_subscribe__deprecated
                0x0000000000000000        0xc /Users/Etienne/pebble-dev/PebbleSDK-2.6.1/Pebble/lib/libpebble.a(tmpDC1Ifbpebble.o)
 .text.accel_data_service_unsubscribe
                0x0000000000000000        0xc /Users/Etienne/pebble-dev/PebbleSDK-2.6.1/Pebble/lib/libpebble.a(tmpDC1Ifbpebble.o)
 .text.accel_service_peek
                0x0000000000000000        0xc /Users/Etienne/pebble-dev/PebbleSDK-2.6.1/Pebble/lib/libpebble.a(tmpDC1Ifbpebble.o)
 .text.accel_service_set_samples_per_update
                0x0000000000000000        0xc /Users/Etienne/pebble-dev/PebbleSDK-2.6.1/Pebble/lib/libpebble.a(tmpDC1Ifbpebble.o)
 .text.accel_service_set_sampling_rate
                0x0000000000000000        0xc /Users/Etienne/pebble-dev/PebbleSDK-2.6.1/Pebble/lib/libpebble.a(tmpDC1Ifbpebble.o)
 .text.accel_tap_service_subscribe
                0x0000000000000000        0xc /Users/Etienne/pebble-dev/PebbleSDK-2.6.1/Pebble/lib/libpebble.a(tmpDC1Ifbpebble.o)
 .text.accel_tap_service_unsubscribe
                0x0000000000000000        0xc /Users/Etienne/pebble-dev/PebbleSDK-2.6.1/Pebble/lib/libpebble.a(tmpDC1Ifbpebble.o)
 .text.action_bar_layer_add_to_window
                0x0000000000000000        0xc /Users/Etienne/pebble-dev/PebbleSDK-2.6.1/Pebble/lib/libpebble.a(tmpDC1Ifbpebble.o)
 .text.action_bar_layer_clear_icon
                0x0000000000000000        0xc /Users/Etienne/pebble-dev/PebbleSDK-2.6.1/Pebble/lib/libpebble.a(tmpDC1Ifbpebble.o)
 .text.action_bar_layer_create
                0x0000000000000000        0xc /Users/Etienne/pebble-dev/PebbleSDK-2.6.1/Pebble/lib/libpebble.a(tmpDC1Ifbpebble.o)
 .text.action_bar_layer_destroy
                0x0000000000000000        0xc /Users/Etienne/pebble-dev/PebbleSDK-2.6.1/Pebble/lib/libpebble.a(tmpDC1Ifbpebble.o)
 .text.action_bar_layer_get_layer
                0x0000000000000000        0xc /Users/Etienne/pebble-dev/PebbleSDK-2.6.1/Pebble/lib/libpebble.a(tmpDC1Ifbpebble.o)
 .text.action_bar_layer_remove_from_window
                0x0000000000000000        0xc /Users/Etienne/pebble-dev/PebbleSDK-2.6.1/Pebble/lib/libpebble.a(tmpDC1Ifbpebble.o)
 .text.action_bar_layer_set_background_color
                0x0000000000000000        0xc /Users/Etienne/pebble-dev/PebbleSDK-2.6.1/Pebble/lib/libpebble.a(tmpDC1Ifbpebble.o)
 .text.action_bar_layer_set_click_config_provider
                0x0000000000000000        0xc /Users/Etienne/pebble-dev/PebbleSDK-2.6.1/Pebble/lib/libpebble.a(tmpDC1Ifbpebble.o)
 .text.action_bar_layer_set_context
                0x0000000000000000        0xc /Users/Etienne/pebble-dev/PebbleSDK-2.6.1/Pebble/lib/libpebble.a(tmpDC1Ifbpebble.o)
 .text.action_bar_layer_set_icon
                0x0000000000000000        0xc /Users/Etienne/pebble-dev/PebbleSDK-2.6.1/Pebble/lib/libpebble.a(tmpDC1Ifbpebble.o)
 .text.animation_create
                0x0000000000000000        0xc /Users/Etienne/pebble-dev/PebbleSDK-2.6.1/Pebble/lib/libpebble.a(tmpDC1Ifbpebble.o)
 .text.animation_destroy
                0x0000000000000000        0xc /Users/Etienne/pebble-dev/PebbleSDK-2.6.1/Pebble/lib/libpebble.a(tmpDC1Ifbpebble.o)
 .text.animation_get_context
                0x0000000000000000        0xc /Users/Etienne/pebble-dev/PebbleSDK-2.6.1/Pebble/lib/libpebble.a(tmpDC1Ifbpebble.o)
 .text.animation_is_scheduled
                0x0000000000000000        0xc /Users/Etienne/pebble-dev/PebbleSDK-2.6.1/Pebble/lib/libpebble.a(tmpDC1Ifbpebble.o)
 .text.animation_set_curve
                0x0000000000000000        0xc /Users/Etienne/pebble-dev/PebbleSDK-2.6.1/Pebble/lib/libpebble.a(tmpDC1Ifbpebble.o)
 .text.animation_set_implementation
                0x0000000000000000        0xc /Users/Etienne/pebble-dev/PebbleSDK-2.6.1/Pebble/lib/libpebble.a(tmpDC1Ifbpebble.o)
 .text.animation_unschedule
                0x0000000000000000        0xc /Users/Etienne/pebble-dev/PebbleSDK-2.6.1/Pebble/lib/libpebble.a(tmpDC1Ifbpebble.o)
 .text.animation_unschedule_all
                0x0000000000000000        0xc /Users/Etienne/pebble-dev/PebbleSDK-2.6.1/Pebble/lib/libpebble.a(tmpDC1Ifbpebble.o)
 .text.app_comm_get_sniff_interval
                0x0000000000000000        0xc /Users/Etienne/pebble-dev/PebbleSDK-2.6.1/Pebble/lib/libpebble.a(tmpDC1Ifbpebble.o)
 .text.app_comm_set_sniff_interval
                0x0000000000000000        0xc /Users/Etienne/pebble-dev/PebbleSDK-2.6.1/Pebble/lib/libpebble.a(tmpDC1Ifbpebble.o)
 .text.app_log  0x0000000000000000        0xc /Users/Etienne/pebble-dev/PebbleSDK-2.6.1/Pebble/lib/libpebble.a(tmpDC1Ifbpebble.o)
 .text.app_message_deregister_callbacks
                0x0000000000000000        0xc /Users/Etienne/pebble-dev/PebbleSDK-2.6.1/Pebble/lib/libpebble.a(tmpDC1Ifbpebble.o)
 .text.app_sync_deinit
                0x0000000000000000        0xc /Users/Etienne/pebble-dev/PebbleSDK-2.6.1/Pebble/lib/libpebble.a(tmpDC1Ifbpebble.o)
 .text.app_sync_get
                0x0000000000000000        0xc /Users/Etienne/pebble-dev/PebbleSDK-2.6.1/Pebble/lib/libpebble.a(tmpDC1Ifbpebble.o)
 .text.app_sync_init
                0x0000000000000000        0xc /Users/Etienne/pebble-dev/PebbleSDK-2.6.1/Pebble/lib/libpebble.a(tmpDC1Ifbpebble.o)
 .text.app_sync_set
                0x0000000000000000        0xc /Users/Etienne/pebble-dev/PebbleSDK-2.6.1/Pebble/lib/libpebble.a(tmpDC1Ifbpebble.o)
 .text.app_timer_cancel
                0x0000000000000000        0xc /Users/Etienne/pebble-dev/PebbleSDK-2.6.1/Pebble/lib/libpebble.a(tmpDC1Ifbpebble.o)
 .text.app_timer_register
                0x0000000000000000        0xc /Users/Etienne/pebble-dev/PebbleSDK-2.6.1/Pebble/lib/libpebble.a(tmpDC1Ifbpebble.o)
 .text.app_timer_reschedule
                0x0000000000000000        0xc /Users/Etienne/pebble-dev/PebbleSDK-2.6.1/Pebble/lib/libpebble.a(tmpDC1Ifbpebble.o)
 .text.atan2_lookup
                0x0000000000000000        0xc /Users/Etienne/pebble-dev/PebbleSDK-2.6.1/Pebble/lib/libpebble.a(tmpDC1Ifbpebble.o)
 .text.atoi     0x0000000000000000        0xc /Users/Etienne/pebble-dev/PebbleSDK-2.6.1/Pebble/lib/libpebble.a(tmpDC1Ifbpebble.o)
 .text.atol     0x0000000000000000        0xc /Users/Etienne/pebble-dev/PebbleSDK-2.6.1/Pebble/lib/libpebble.a(tmpDC1Ifbpebble.o)
 .text.battery_state_service_peek
                0x0000000000000000        0xc /Users/Etienne/pebble-dev/PebbleSDK-2.6.1/Pebble/lib/libpebble.a(tmpDC1Ifbpebble.o)
 .text.battery_state_service_subscribe
                0x0000000000000000        0xc /Users/Etienne/pebble-dev/PebbleSDK-2.6.1/Pebble/lib/libpebble.a(tmpDC1Ifbpebble.o)
 .text.battery_state_service_unsubscribe
                0x0000000000000000        0xc /Users/Etienne/pebble-dev/PebbleSDK-2.6.1/Pebble/lib/libpebble.a(tmpDC1Ifbpebble.o)
 .text.bitmap_layer_set_alignment
                0x0000000000000000        0xc /Users/Etienne/pebble-dev/PebbleSDK-2.6.1/Pebble/lib/libpebble.a(tmpDC1Ifbpebble.o)
 .text.bitmap_layer_set_background_color
                0x0000000000000000        0xc /Users/Etienne/pebble-dev/PebbleSDK-2.6.1/Pebble/lib/libpebble.a(tmpDC1Ifbpebble.o)
 .text.bluetooth_connection_service_peek
                0x0000000000000000        0xc /Users/Etienne/pebble-dev/PebbleSDK-2.6.1/Pebble/lib/libpebble.a(tmpDC1Ifbpebble.o)
 .text.bluetooth_connection_service_subscribe
                0x0000000000000000        0xc /Users/Etienne/pebble-dev/PebbleSDK-2.6.1/Pebble/lib/libpebble.a(tmpDC1Ifbpebble.o)
 .text.bluetooth_connection_service_unsubscribe
                0x0000000000000000        0xc /Users/Etienne/pebble-dev/PebbleSDK-2.6.1/Pebble/lib/libpebble.a(tmpDC1Ifbpebble.o)
 .text.click_number_of_clicks_counted
                0x0000000000000000        0xc /Users/Etienne/pebble-dev/PebbleSDK-2.6.1/Pebble/lib/libpebble.a(tmpDC1Ifbpebble.o)
 .text.click_recognizer_get_button_id
                0x0000000000000000        0xc /Users/Etienne/pebble-dev/PebbleSDK-2.6.1/Pebble/lib/libpebble.a(tmpDC1Ifbpebble.o)
 .text.clock_copy_time_string
                0x0000000000000000        0xc /Users/Etienne/pebble-dev/PebbleSDK-2.6.1/Pebble/lib/libpebble.a(tmpDC1Ifbpebble.o)
 .text.clock_is_24h_style
                0x0000000000000000        0xc /Users/Etienne/pebble-dev/PebbleSDK-2.6.1/Pebble/lib/libpebble.a(tmpDC1Ifbpebble.o)
 .text.cos_lookup
                0x0000000000000000        0xc /Users/Etienne/pebble-dev/PebbleSDK-2.6.1/Pebble/lib/libpebble.a(tmpDC1Ifbpebble.o)
 .text.data_logging_create
                0x0000000000000000        0xc /Users/Etienne/pebble-dev/PebbleSDK-2.6.1/Pebble/lib/libpebble.a(tmpDC1Ifbpebble.o)
 .text.data_logging_finish
                0x0000000000000000        0xc /Users/Etienne/pebble-dev/PebbleSDK-2.6.1/Pebble/lib/libpebble.a(tmpDC1Ifbpebble.o)
 .text.data_logging_log
                0x0000000000000000        0xc /Users/Etienne/pebble-dev/PebbleSDK-2.6.1/Pebble/lib/libpebble.a(tmpDC1Ifbpebble.o)
 .text.dict_calc_buffer_size
                0x0000000000000000        0xc /Users/Etienne/pebble-dev/PebbleSDK-2.6.1/Pebble/lib/libpebble.a(tmpDC1Ifbpebble.o)
 .text.dict_calc_buffer_size_from_tuplets
                0x0000000000000000        0xc /Users/Etienne/pebble-dev/PebbleSDK-2.6.1/Pebble/lib/libpebble.a(tmpDC1Ifbpebble.o)
 .text.dict_merge
                0x0000000000000000        0xc /Users/Etienne/pebble-dev/PebbleSDK-2.6.1/Pebble/lib/libpebble.a(tmpDC1Ifbpebble.o)
 .text.dict_read_begin_from_buffer
                0x0000000000000000        0xc /Users/Etienne/pebble-dev/PebbleSDK-2.6.1/Pebble/lib/libpebble.a(tmpDC1Ifbpebble.o)
 .text.dict_read_first
                0x0000000000000000        0xc /Users/Etienne/pebble-dev/PebbleSDK-2.6.1/Pebble/lib/libpebble.a(tmpDC1Ifbpebble.o)
 .text.dict_read_next
                0x0000000000000000        0xc /Users/Etienne/pebble-dev/PebbleSDK-2.6.1/Pebble/lib/libpebble.a(tmpDC1Ifbpebble.o)
 .text.dict_serialize_tuplets
                0x0000000000000000        0xc /Users/Etienne/pebble-dev/PebbleSDK-2.6.1/Pebble/lib/libpebble.a(tmpDC1Ifbpebble.o)
 .text.dict_serialize_tuplets_to_buffer__deprecated
                0x0000000000000000        0xc /Users/Etienne/pebble-dev/PebbleSDK-2.6.1/Pebble/lib/libpebble.a(tmpDC1Ifbpebble.o)
 .text.dict_serialize_tuplets_to_buffer_with_iter
                0x0000000000000000        0xc /Users/Etienne/pebble-dev/PebbleSDK-2.6.1/Pebble/lib/libpebble.a(tmpDC1Ifbpebble.o)
 .text.dict_write_begin
                0x0000000000000000        0xc /Users/Etienne/pebble-dev/PebbleSDK-2.6.1/Pebble/lib/libpebble.a(tmpDC1Ifbpebble.o)
 .text.dict_write_cstring
                0x0000000000000000        0xc /Users/Etienne/pebble-dev/PebbleSDK-2.6.1/Pebble/lib/libpebble.a(tmpDC1Ifbpebble.o)
 .text.dict_write_data
                0x0000000000000000        0xc /Users/Etienne/pebble-dev/PebbleSDK-2.6.1/Pebble/lib/libpebble.a(tmpDC1Ifbpebble.o)
 .text.dict_write_end
                0x0000000000000000        0xc /Users/Etienne/pebble-dev/PebbleSDK-2.6.1/Pebble/lib/libpebble.a(tmpDC1Ifbpebble.o)
 .text.dict_write_int
                0x0000000000000000        0xc /Users/Etienne/pebble-dev/PebbleSDK-2.6.1/Pebble/lib/libpebble.a(tmpDC1Ifbpebble.o)
 .text.dict_write_int16
                0x0000000000000000        0xc /Users/Etienne/pebble-dev/PebbleSDK-2.6.1/Pebble/lib/libpebble.a(tmpDC1Ifbpebble.o)
 .text.dict_write_int32
                0x0000000000000000        0xc /Users/Etienne/pebble-dev/PebbleSDK-2.6.1/Pebble/lib/libpebble.a(tmpDC1Ifbpebble.o)
 .text.dict_write_int8
                0x0000000000000000        0xc /Users/Etienne/pebble-dev/PebbleSDK-2.6.1/Pebble/lib/libpebble.a(tmpDC1Ifbpebble.o)
 .text.dict_write_tuplet
                0x0000000000000000        0xc /Users/Etienne/pebble-dev/PebbleSDK-2.6.1/Pebble/lib/libpebble.a(tmpDC1Ifbpebble.o)
 .text.dict_write_uint16
                0x0000000000000000        0xc /Users/Etienne/pebble-dev/PebbleSDK-2.6.1/Pebble/lib/libpebble.a(tmpDC1Ifbpebble.o)
 .text.dict_write_uint32
                0x0000000000000000        0xc /Users/Etienne/pebble-dev/PebbleSDK-2.6.1/Pebble/lib/libpebble.a(tmpDC1Ifbpebble.o)
 .text.dict_write_uint8
                0x0000000000000000        0xc /Users/Etienne/pebble-dev/PebbleSDK-2.6.1/Pebble/lib/libpebble.a(tmpDC1Ifbpebble.o)
 .text.fonts_get_system_font
                0x0000000000000000        0xc /Users/Etienne/pebble-dev/PebbleSDK-2.6.1/Pebble/lib/libpebble.a(tmpDC1Ifbpebble.o)
 .text.fonts_load_custom_font
                0x0000000000000000        0xc /Users/Etienne/pebble-dev/PebbleSDK-2.6.1/Pebble/lib/libpebble.a(tmpDC1Ifbpebble.o)
 .text.fonts_unload_custom_font
                0x0000000000000000        0xc /Users/Etienne/pebble-dev/PebbleSDK-2.6.1/Pebble/lib/libpebble.a(tmpDC1Ifbpebble.o)
 .text.free     0x0000000000000000        0xc /Users/Etienne/pebble-dev/PebbleSDK-2.6.1/Pebble/lib/libpebble.a(tmpDC1Ifbpebble.o)
 .text.gbitmap_create_as_sub_bitmap
                0x0000000000000000        0xc /Users/Etienne/pebble-dev/PebbleSDK-2.6.1/Pebble/lib/libpebble.a(tmpDC1Ifbpebble.o)
 .text.gbitmap_create_with_data
                0x0000000000000000        0xc /Users/Etienne/pebble-dev/PebbleSDK-2.6.1/Pebble/lib/libpebble.a(tmpDC1Ifbpebble.o)
 .text.gmtime   0x0000000000000000        0xc /Users/Etienne/pebble-dev/PebbleSDK-2.6.1/Pebble/lib/libpebble.a(tmpDC1Ifbpebble.o)
 .text.gpath_create
                0x0000000000000000        0xc /Users/Etienne/pebble-dev/PebbleSDK-2.6.1/Pebble/lib/libpebble.a(tmpDC1Ifbpebble.o)
 .text.gpath_destroy
                0x0000000000000000        0xc /Users/Etienne/pebble-dev/PebbleSDK-2.6.1/Pebble/lib/libpebble.a(tmpDC1Ifbpebble.o)
 .text.gpath_draw_filled_legacy
                0x0000000000000000        0xc /Users/Etienne/pebble-dev/PebbleSDK-2.6.1/Pebble/lib/libpebble.a(tmpDC1Ifbpebble.o)
 .text.gpath_draw_outline
                0x0000000000000000        0xc /Users/Etienne/pebble-dev/PebbleSDK-2.6.1/Pebble/lib/libpebble.a(tmpDC1Ifbpebble.o)
 .text.gpath_move_to
                0x0000000000000000        0xc /Users/Etienne/pebble-dev/PebbleSDK-2.6.1/Pebble/lib/libpebble.a(tmpDC1Ifbpebble.o)
 .text.gpath_rotate_to
                0x0000000000000000        0xc /Users/Etienne/pebble-dev/PebbleSDK-2.6.1/Pebble/lib/libpebble.a(tmpDC1Ifbpebble.o)
 .text.gpoint_equal
                0x0000000000000000        0xc /Users/Etienne/pebble-dev/PebbleSDK-2.6.1/Pebble/lib/libpebble.a(tmpDC1Ifbpebble.o)
 .text.graphics_context_set_compositing_mode
                0x0000000000000000        0xc /Users/Etienne/pebble-dev/PebbleSDK-2.6.1/Pebble/lib/libpebble.a(tmpDC1Ifbpebble.o)
 .text.graphics_context_set_stroke_color
                0x0000000000000000        0xc /Users/Etienne/pebble-dev/PebbleSDK-2.6.1/Pebble/lib/libpebble.a(tmpDC1Ifbpebble.o)
 .text.graphics_context_set_text_color
                0x0000000000000000        0xc /Users/Etienne/pebble-dev/PebbleSDK-2.6.1/Pebble/lib/libpebble.a(tmpDC1Ifbpebble.o)
 .text.graphics_draw_bitmap_in_rect
                0x0000000000000000        0xc /Users/Etienne/pebble-dev/PebbleSDK-2.6.1/Pebble/lib/libpebble.a(tmpDC1Ifbpebble.o)
 .text.graphics_draw_circle
                0x0000000000000000        0xc /Users/Etienne/pebble-dev/PebbleSDK-2.6.1/Pebble/lib/libpebble.a(tmpDC1Ifbpebble.o)
 .text.graphics_draw_line
                0x0000000000000000        0xc /Users/Etienne/pebble-dev/PebbleSDK-2.6.1/Pebble/lib/libpebble.a(tmpDC1Ifbpebble.o)
 .text.graphics_draw_pixel
                0x0000000000000000        0xc /Users/Etienne/pebble-dev/PebbleSDK-2.6.1/Pebble/lib/libpebble.a(tmpDC1Ifbpebble.o)
 .text.graphics_draw_rect
                0x0000000000000000        0xc /Users/Etienne/pebble-dev/PebbleSDK-2.6.1/Pebble/lib/libpebble.a(tmpDC1Ifbpebble.o)
 .text.graphics_draw_round_rect
                0x0000000000000000        0xc /Users/Etienne/pebble-dev/PebbleSDK-2.6.1/Pebble/lib/libpebble.a(tmpDC1Ifbpebble.o)
 .text.graphics_fill_circle
                0x0000000000000000        0xc /Users/Etienne/pebble-dev/PebbleSDK-2.6.1/Pebble/lib/libpebble.a(tmpDC1Ifbpebble.o)
 .text.graphics_text_layout_get_max_used_size
                0x0000000000000000        0xc /Users/Etienne/pebble-dev/PebbleSDK-2.6.1/Pebble/lib/libpebble.a(tmpDC1Ifbpebble.o)
 .text.grect_align
                0x0000000000000000        0xc /Users/Etienne/pebble-dev/PebbleSDK-2.6.1/Pebble/lib/libpebble.a(tmpDC1Ifbpebble.o)
 .text.grect_center_point
                0x0000000000000000        0xc /Users/Etienne/pebble-dev/PebbleSDK-2.6.1/Pebble/lib/libpebble.a(tmpDC1Ifbpebble.o)
 .text.grect_clip
                0x0000000000000000        0xc /Users/Etienne/pebble-dev/PebbleSDK-2.6.1/Pebble/lib/libpebble.a(tmpDC1Ifbpebble.o)
 .text.grect_contains_point
                0x0000000000000000        0xc /Users/Etienne/pebble-dev/PebbleSDK-2.6.1/Pebble/lib/libpebble.a(tmpDC1Ifbpebble.o)
 .text.grect_crop
                0x0000000000000000        0xc /Users/Etienne/pebble-dev/PebbleSDK-2.6.1/Pebble/lib/libpebble.a(tmpDC1Ifbpebble.o)
 .text.grect_equal
                0x0000000000000000        0xc /Users/Etienne/pebble-dev/PebbleSDK-2.6.1/Pebble/lib/libpebble.a(tmpDC1Ifbpebble.o)
 .text.grect_is_empty
                0x0000000000000000        0xc /Users/Etienne/pebble-dev/PebbleSDK-2.6.1/Pebble/lib/libpebble.a(tmpDC1Ifbpebble.o)
 .text.grect_standardize
                0x0000000000000000        0xc /Users/Etienne/pebble-dev/PebbleSDK-2.6.1/Pebble/lib/libpebble.a(tmpDC1Ifbpebble.o)
 .text.gsize_equal
                0x0000000000000000        0xc /Users/Etienne/pebble-dev/PebbleSDK-2.6.1/Pebble/lib/libpebble.a(tmpDC1Ifbpebble.o)
 .text.inverter_layer_create
                0x0000000000000000        0xc /Users/Etienne/pebble-dev/PebbleSDK-2.6.1/Pebble/lib/libpebble.a(tmpDC1Ifbpebble.o)
 .text.inverter_layer_destroy
                0x0000000000000000        0xc /Users/Etienne/pebble-dev/PebbleSDK-2.6.1/Pebble/lib/libpebble.a(tmpDC1Ifbpebble.o)
 .text.inverter_layer_get_layer
                0x0000000000000000        0xc /Users/Etienne/pebble-dev/PebbleSDK-2.6.1/Pebble/lib/libpebble.a(tmpDC1Ifbpebble.o)
 .text.layer_create_with_data
                0x0000000000000000        0xc /Users/Etienne/pebble-dev/PebbleSDK-2.6.1/Pebble/lib/libpebble.a(tmpDC1Ifbpebble.o)
 .text.layer_destroy
                0x0000000000000000        0xc /Users/Etienne/pebble-dev/PebbleSDK-2.6.1/Pebble/lib/libpebble.a(tmpDC1Ifbpebble.o)
 .text.layer_get_clips
                0x0000000000000000        0xc /Users/Etienne/pebble-dev/PebbleSDK-2.6.1/Pebble/lib/libpebble.a(tmpDC1Ifbpebble.o)
 .text.layer_get_data
                0x0000000000000000        0xc /Users/Etienne/pebble-dev/PebbleSDK-2.6.1/Pebble/lib/libpebble.a(tmpDC1Ifbpebble.o)
 .text.layer_get_frame
                0x0000000000000000        0xc /Users/Etienne/pebble-dev/PebbleSDK-2.6.1/Pebble/lib/libpebble.a(tmpDC1Ifbpebble.o)
 .text.layer_get_hidden
                0x0000000000000000        0xc /Users/Etienne/pebble-dev/PebbleSDK-2.6.1/Pebble/lib/libpebble.a(tmpDC1Ifbpebble.o)
 .text.layer_get_window
                0x0000000000000000        0xc /Users/Etienne/pebble-dev/PebbleSDK-2.6.1/Pebble/lib/libpebble.a(tmpDC1Ifbpebble.o)
 .text.layer_insert_above_sibling
                0x0000000000000000        0xc /Users/Etienne/pebble-dev/PebbleSDK-2.6.1/Pebble/lib/libpebble.a(tmpDC1Ifbpebble.o)
 .text.layer_insert_below_sibling
                0x0000000000000000        0xc /Users/Etienne/pebble-dev/PebbleSDK-2.6.1/Pebble/lib/libpebble.a(tmpDC1Ifbpebble.o)
 .text.layer_mark_dirty
                0x0000000000000000        0xc /Users/Etienne/pebble-dev/PebbleSDK-2.6.1/Pebble/lib/libpebble.a(tmpDC1Ifbpebble.o)
 .text.layer_remove_child_layers
                0x0000000000000000        0xc /Users/Etienne/pebble-dev/PebbleSDK-2.6.1/Pebble/lib/libpebble.a(tmpDC1Ifbpebble.o)
 .text.layer_set_bounds
                0x0000000000000000        0xc /Users/Etienne/pebble-dev/PebbleSDK-2.6.1/Pebble/lib/libpebble.a(tmpDC1Ifbpebble.o)
 .text.layer_set_clips
                0x0000000000000000        0xc /Users/Etienne/pebble-dev/PebbleSDK-2.6.1/Pebble/lib/libpebble.a(tmpDC1Ifbpebble.o)
 .text.layer_set_frame
                0x0000000000000000        0xc /Users/Etienne/pebble-dev/PebbleSDK-2.6.1/Pebble/lib/libpebble.a(tmpDC1Ifbpebble.o)
 .text.layer_set_hidden
                0x0000000000000000        0xc /Users/Etienne/pebble-dev/PebbleSDK-2.6.1/Pebble/lib/libpebble.a(tmpDC1Ifbpebble.o)
 .text.light_enable
                0x0000000000000000        0xc /Users/Etienne/pebble-dev/PebbleSDK-2.6.1/Pebble/lib/libpebble.a(tmpDC1Ifbpebble.o)
 .text.light_enable_interaction
                0x0000000000000000        0xc /Users/Etienne/pebble-dev/PebbleSDK-2.6.1/Pebble/lib/libpebble.a(tmpDC1Ifbpebble.o)
 .text.malloc   0x0000000000000000        0xc /Users/Etienne/pebble-dev/PebbleSDK-2.6.1/Pebble/lib/libpebble.a(tmpDC1Ifbpebble.o)
 .text.memcpy   0x0000000000000000        0xc /Users/Etienne/pebble-dev/PebbleSDK-2.6.1/Pebble/lib/libpebble.a(tmpDC1Ifbpebble.o)
 .text.memmove  0x0000000000000000        0xc /Users/Etienne/pebble-dev/PebbleSDK-2.6.1/Pebble/lib/libpebble.a(tmpDC1Ifbpebble.o)
 .text.memset   0x0000000000000000        0xc /Users/Etienne/pebble-dev/PebbleSDK-2.6.1/Pebble/lib/libpebble.a(tmpDC1Ifbpebble.o)
 .text.menu_cell_basic_draw
                0x0000000000000000        0xc /Users/Etienne/pebble-dev/PebbleSDK-2.6.1/Pebble/lib/libpebble.a(tmpDC1Ifbpebble.o)
 .text.menu_cell_basic_header_draw
                0x0000000000000000        0xc /Users/Etienne/pebble-dev/PebbleSDK-2.6.1/Pebble/lib/libpebble.a(tmpDC1Ifbpebble.o)
 .text.menu_cell_title_draw
                0x0000000000000000        0xc /Users/Etienne/pebble-dev/PebbleSDK-2.6.1/Pebble/lib/libpebble.a(tmpDC1Ifbpebble.o)
 .text.menu_index_compare
                0x0000000000000000        0xc /Users/Etienne/pebble-dev/PebbleSDK-2.6.1/Pebble/lib/libpebble.a(tmpDC1Ifbpebble.o)
 .text.menu_layer_create
                0x0000000000000000        0xc /Users/Etienne/pebble-dev/PebbleSDK-2.6.1/Pebble/lib/libpebble.a(tmpDC1Ifbpebble.o)
 .text.menu_layer_destroy
                0x0000000000000000        0xc /Users/Etienne/pebble-dev/PebbleSDK-2.6.1/Pebble/lib/libpebble.a(tmpDC1Ifbpebble.o)
 .text.menu_layer_get_layer
                0x0000000000000000        0xc /Users/Etienne/pebble-dev/PebbleSDK-2.6.1/Pebble/lib/libpebble.a(tmpDC1Ifbpebble.o)
 .text.menu_layer_get_scroll_layer
                0x0000000000000000        0xc /Users/Etienne/pebble-dev/PebbleSDK-2.6.1/Pebble/lib/libpebble.a(tmpDC1Ifbpebble.o)
 .text.menu_layer_get_selected_index
                0x0000000000000000        0xc /Users/Etienne/pebble-dev/PebbleSDK-2.6.1/Pebble/lib/libpebble.a(tmpDC1Ifbpebble.o)
 .text.menu_layer_reload_data
                0x0000000000000000        0xc /Users/Etienne/pebble-dev/PebbleSDK-2.6.1/Pebble/lib/libpebble.a(tmpDC1Ifbpebble.o)
 .text.menu_layer_set_callbacks__deprecated
                0x0000000000000000        0xc /Users/Etienne/pebble-dev/PebbleSDK-2.6.1/Pebble/lib/libpebble.a(tmpDC1Ifbpebble.o)
 .text.menu_layer_set_click_config_onto_window
                0x0000000000000000        0xc /Users/Etienne/pebble-dev/PebbleSDK-2.6.1/Pebble/lib/libpebble.a(tmpDC1Ifbpebble.o)
 .text.menu_layer_set_selected_index
                0x0000000000000000        0xc /Users/Etienne/pebble-dev/PebbleSDK-2.6.1/Pebble/lib/libpebble.a(tmpDC1Ifbpebble.o)
 .text.menu_layer_set_selected_next
                0x0000000000000000        0xc /Users/Etienne/pebble-dev/PebbleSDK-2.6.1/Pebble/lib/libpebble.a(tmpDC1Ifbpebble.o)
 .text.number_window_create
                0x0000000000000000        0xc /Users/Etienne/pebble-dev/PebbleSDK-2.6.1/Pebble/lib/libpebble.a(tmpDC1Ifbpebble.o)
 .text.number_window_destroy
                0x0000000000000000        0xc /Users/Etienne/pebble-dev/PebbleSDK-2.6.1/Pebble/lib/libpebble.a(tmpDC1Ifbpebble.o)
 .text.number_window_get_value
                0x0000000000000000        0xc /Users/Etienne/pebble-dev/PebbleSDK-2.6.1/Pebble/lib/libpebble.a(tmpDC1Ifbpebble.o)
 .text.number_window_set_label
                0x0000000000000000        0xc /Users/Etienne/pebble-dev/PebbleSDK-2.6.1/Pebble/lib/libpebble.a(tmpDC1Ifbpebble.o)
 .text.number_window_set_max
                0x0000000000000000        0xc /Users/Etienne/pebble-dev/PebbleSDK-2.6.1/Pebble/lib/libpebble.a(tmpDC1Ifbpebble.o)
 .text.number_window_set_min
                0x0000000000000000        0xc /Users/Etienne/pebble-dev/PebbleSDK-2.6.1/Pebble/lib/libpebble.a(tmpDC1Ifbpebble.o)
 .text.number_window_set_step_size
                0x0000000000000000        0xc /Users/Etienne/pebble-dev/PebbleSDK-2.6.1/Pebble/lib/libpebble.a(tmpDC1Ifbpebble.o)
 .text.number_window_set_value
                0x0000000000000000        0xc /Users/Etienne/pebble-dev/PebbleSDK-2.6.1/Pebble/lib/libpebble.a(tmpDC1Ifbpebble.o)
 .text.persist_delete
                0x0000000000000000        0xc /Users/Etienne/pebble-dev/PebbleSDK-2.6.1/Pebble/lib/libpebble.a(tmpDC1Ifbpebble.o)
 .text.persist_get_size
                0x0000000000000000        0xc /Users/Etienne/pebble-dev/PebbleSDK-2.6.1/Pebble/lib/libpebble.a(tmpDC1Ifbpebble.o)
 .text.persist_read_data__deprecated
                0x0000000000000000        0xc /Users/Etienne/pebble-dev/PebbleSDK-2.6.1/Pebble/lib/libpebble.a(tmpDC1Ifbpebble.o)
 .text.persist_read_int
                0x0000000000000000        0xc /Users/Etienne/pebble-dev/PebbleSDK-2.6.1/Pebble/lib/libpebble.a(tmpDC1Ifbpebble.o)
 .text.persist_read_string__deprecated
                0x0000000000000000        0xc /Users/Etienne/pebble-dev/PebbleSDK-2.6.1/Pebble/lib/libpebble.a(tmpDC1Ifbpebble.o)
 .text.persist_write_data__deprecated
                0x0000000000000000        0xc /Users/Etienne/pebble-dev/PebbleSDK-2.6.1/Pebble/lib/libpebble.a(tmpDC1Ifbpebble.o)
 .text.persist_write_int
                0x0000000000000000        0xc /Users/Etienne/pebble-dev/PebbleSDK-2.6.1/Pebble/lib/libpebble.a(tmpDC1Ifbpebble.o)
 .text.persist_write_string
                0x0000000000000000        0xc /Users/Etienne/pebble-dev/PebbleSDK-2.6.1/Pebble/lib/libpebble.a(tmpDC1Ifbpebble.o)
 .text.property_animation_create
                0x0000000000000000        0xc /Users/Etienne/pebble-dev/PebbleSDK-2.6.1/Pebble/lib/libpebble.a(tmpDC1Ifbpebble.o)
 .text.property_animation_update_gpoint
                0x0000000000000000        0xc /Users/Etienne/pebble-dev/PebbleSDK-2.6.1/Pebble/lib/libpebble.a(tmpDC1Ifbpebble.o)
 .text.property_animation_update_grect
                0x0000000000000000        0xc /Users/Etienne/pebble-dev/PebbleSDK-2.6.1/Pebble/lib/libpebble.a(tmpDC1Ifbpebble.o)
 .text.property_animation_update_int16
                0x0000000000000000        0xc /Users/Etienne/pebble-dev/PebbleSDK-2.6.1/Pebble/lib/libpebble.a(tmpDC1Ifbpebble.o)
 .text.psleep   0x0000000000000000        0xc /Users/Etienne/pebble-dev/PebbleSDK-2.6.1/Pebble/lib/libpebble.a(tmpDC1Ifbpebble.o)
 .text.rand     0x0000000000000000        0xc /Users/Etienne/pebble-dev/PebbleSDK-2.6.1/Pebble/lib/libpebble.a(tmpDC1Ifbpebble.o)
 .text.resource_get_handle
                0x0000000000000000        0xc /Users/Etienne/pebble-dev/PebbleSDK-2.6.1/Pebble/lib/libpebble.a(tmpDC1Ifbpebble.o)
 .text.resource_load
                0x0000000000000000        0xc /Users/Etienne/pebble-dev/PebbleSDK-2.6.1/Pebble/lib/libpebble.a(tmpDC1Ifbpebble.o)
 .text.resource_load_byte_range
                0x0000000000000000        0xc /Users/Etienne/pebble-dev/PebbleSDK-2.6.1/Pebble/lib/libpebble.a(tmpDC1Ifbpebble.o)
 .text.resource_size
                0x0000000000000000        0xc /Users/Etienne/pebble-dev/PebbleSDK-2.6.1/Pebble/lib/libpebble.a(tmpDC1Ifbpebble.o)
 .text.rot_bitmap_layer_create
                0x0000000000000000        0xc /Users/Etienne/pebble-dev/PebbleSDK-2.6.1/Pebble/lib/libpebble.a(tmpDC1Ifbpebble.o)
 .text.rot_bitmap_layer_destroy
                0x0000000000000000        0xc /Users/Etienne/pebble-dev/PebbleSDK-2.6.1/Pebble/lib/libpebble.a(tmpDC1Ifbpebble.o)
 .text.rot_bitmap_layer_increment_angle
                0x0000000000000000        0xc /Users/Etienne/pebble-dev/PebbleSDK-2.6.1/Pebble/lib/libpebble.a(tmpDC1Ifbpebble.o)
 .text.rot_bitmap_layer_set_angle
                0x0000000000000000        0xc /Users/Etienne/pebble-dev/PebbleSDK-2.6.1/Pebble/lib/libpebble.a(tmpDC1Ifbpebble.o)
 .text.rot_bitmap_layer_set_corner_clip_color
                0x0000000000000000        0xc /Users/Etienne/pebble-dev/PebbleSDK-2.6.1/Pebble/lib/libpebble.a(tmpDC1Ifbpebble.o)
 .text.rot_bitmap_set_compositing_mode
                0x0000000000000000        0xc /Users/Etienne/pebble-dev/PebbleSDK-2.6.1/Pebble/lib/libpebble.a(tmpDC1Ifbpebble.o)
 .text.rot_bitmap_set_src_ic
                0x0000000000000000        0xc /Users/Etienne/pebble-dev/PebbleSDK-2.6.1/Pebble/lib/libpebble.a(tmpDC1Ifbpebble.o)
 .text.scroll_layer_add_child
                0x0000000000000000        0xc /Users/Etienne/pebble-dev/PebbleSDK-2.6.1/Pebble/lib/libpebble.a(tmpDC1Ifbpebble.o)
 .text.scroll_layer_create
                0x0000000000000000        0xc /Users/Etienne/pebble-dev/PebbleSDK-2.6.1/Pebble/lib/libpebble.a(tmpDC1Ifbpebble.o)
 .text.scroll_layer_destroy
                0x0000000000000000        0xc /Users/Etienne/pebble-dev/PebbleSDK-2.6.1/Pebble/lib/libpebble.a(tmpDC1Ifbpebble.o)
 .text.scroll_layer_get_content_offset
                0x0000000000000000        0xc /Users/Etienne/pebble-dev/PebbleSDK-2.6.1/Pebble/lib/libpebble.a(tmpDC1Ifbpebble.o)
 .text.scroll_layer_get_content_size
                0x0000000000000000        0xc /Users/Etienne/pebble-dev/PebbleSDK-2.6.1/Pebble/lib/libpebble.a(tmpDC1Ifbpebble.o)
 .text.scroll_layer_get_layer
                0x0000000000000000        0xc /Users/Etienne/pebble-dev/PebbleSDK-2.6.1/Pebble/lib/libpebble.a(tmpDC1Ifbpebble.o)
 .text.scroll_layer_get_shadow_hidden
                0x0000000000000000        0xc /Users/Etienne/pebble-dev/PebbleSDK-2.6.1/Pebble/lib/libpebble.a(tmpDC1Ifbpebble.o)
 .text.scroll_layer_scroll_down_click_handler
                0x0000000000000000        0xc /Users/Etienne/pebble-dev/PebbleSDK-2.6.1/Pebble/lib/libpebble.a(tmpDC1Ifbpebble.o)
 .text.scroll_layer_scroll_up_click_handler
                0x0000000000000000        0xc /Users/Etienne/pebble-dev/PebbleSDK-2.6.1/Pebble/lib/libpebble.a(tmpDC1Ifbpebble.o)
 .text.scroll_layer_set_callbacks
                0x0000000000000000        0xc /Users/Etienne/pebble-dev/PebbleSDK-2.6.1/Pebble/lib/libpebble.a(tmpDC1Ifbpebble.o)
 .text.scroll_layer_set_click_config_onto_window
                0x0000000000000000        0xc /Users/Etienne/pebble-dev/PebbleSDK-2.6.1/Pebble/lib/libpebble.a(tmpDC1Ifbpebble.o)
 .text.scroll_layer_set_content_offset
                0x0000000000000000        0xc /Users/Etienne/pebble-dev/PebbleSDK-2.6.1/Pebble/lib/libpebble.a(tmpDC1Ifbpebble.o)
 .text.scroll_layer_set_content_size
                0x0000000000000000        0xc /Users/Etienne/pebble-dev/PebbleSDK-2.6.1/Pebble/lib/libpebble.a(tmpDC1Ifbpebble.o)
 .text.scroll_layer_set_context
                0x0000000000000000        0xc /Users/Etienne/pebble-dev/PebbleSDK-2.6.1/Pebble/lib/libpebble.a(tmpDC1Ifbpebble.o)
 .text.scroll_layer_set_frame
                0x0000000000000000        0xc /Users/Etienne/pebble-dev/PebbleSDK-2.6.1/Pebble/lib/libpebble.a(tmpDC1Ifbpebble.o)
 .text.scroll_layer_set_shadow_hidden
                0x0000000000000000        0xc /Users/Etienne/pebble-dev/PebbleSDK-2.6.1/Pebble/lib/libpebble.a(tmpDC1Ifbpebble.o)
 .text.simple_menu_layer_create
                0x0000000000000000        0xc /Users/Etienne/pebble-dev/PebbleSDK-2.6.1/Pebble/lib/libpebble.a(tmpDC1Ifbpebble.o)
 .text.simple_menu_layer_destroy
                0x0000000000000000        0xc /Users/Etienne/pebble-dev/PebbleSDK-2.6.1/Pebble/lib/libpebble.a(tmpDC1Ifbpebble.o)
 .text.simple_menu_layer_get_layer
                0x0000000000000000        0xc /Users/Etienne/pebble-dev/PebbleSDK-2.6.1/Pebble/lib/libpebble.a(tmpDC1Ifbpebble.o)
 .text.simple_menu_layer_get_selected_index
                0x0000000000000000        0xc /Users/Etienne/pebble-dev/PebbleSDK-2.6.1/Pebble/lib/libpebble.a(tmpDC1Ifbpebble.o)
 .text.simple_menu_layer_set_selected_index
                0x0000000000000000        0xc /Users/Etienne/pebble-dev/PebbleSDK-2.6.1/Pebble/lib/libpebble.a(tmpDC1Ifbpebble.o)
 .text.sin_lookup
                0x0000000000000000        0xc /Users/Etienne/pebble-dev/PebbleSDK-2.6.1/Pebble/lib/libpebble.a(tmpDC1Ifbpebble.o)
 .text.snprintf
                0x0000000000000000        0xc /Users/Etienne/pebble-dev/PebbleSDK-2.6.1/Pebble/lib/libpebble.a(tmpDC1Ifbpebble.o)
 .text.srand    0x0000000000000000        0xc /Users/Etienne/pebble-dev/PebbleSDK-2.6.1/Pebble/lib/libpebble.a(tmpDC1Ifbpebble.o)
 .text.strcat   0x0000000000000000        0xc /Users/Etienne/pebble-dev/PebbleSDK-2.6.1/Pebble/lib/libpebble.a(tmpDC1Ifbpebble.o)
 .text.strcmp   0x0000000000000000        0xc /Users/Etienne/pebble-dev/PebbleSDK-2.6.1/Pebble/lib/libpebble.a(tmpDC1Ifbpebble.o)
 .text.strcpy   0x0000000000000000        0xc /Users/Etienne/pebble-dev/PebbleSDK-2.6.1/Pebble/lib/libpebble.a(tmpDC1Ifbpebble.o)
 .text.strftime
                0x0000000000000000        0xc /Users/Etienne/pebble-dev/PebbleSDK-2.6.1/Pebble/lib/libpebble.a(tmpDC1Ifbpebble.o)
 .text.strlen   0x0000000000000000        0xc /Users/Etienne/pebble-dev/PebbleSDK-2.6.1/Pebble/lib/libpebble.a(tmpDC1Ifbpebble.o)
 .text.strncat  0x0000000000000000        0xc /Users/Etienne/pebble-dev/PebbleSDK-2.6.1/Pebble/lib/libpebble.a(tmpDC1Ifbpebble.o)
 .text.strncmp  0x0000000000000000        0xc /Users/Etienne/pebble-dev/PebbleSDK-2.6.1/Pebble/lib/libpebble.a(tmpDC1Ifbpebble.o)
 .text.strncpy  0x0000000000000000        0xc /Users/Etienne/pebble-dev/PebbleSDK-2.6.1/Pebble/lib/libpebble.a(tmpDC1Ifbpebble.o)
 .text.text_layer_create
                0x0000000000000000        0xc /Users/Etienne/pebble-dev/PebbleSDK-2.6.1/Pebble/lib/libpebble.a(tmpDC1Ifbpebble.o)
 .text.text_layer_destroy
                0x0000000000000000        0xc /Users/Etienne/pebble-dev/PebbleSDK-2.6.1/Pebble/lib/libpebble.a(tmpDC1Ifbpebble.o)
 .text.text_layer_get_content_size
                0x0000000000000000        0xc /Users/Etienne/pebble-dev/PebbleSDK-2.6.1/Pebble/lib/libpebble.a(tmpDC1Ifbpebble.o)
 .text.text_layer_get_layer
                0x0000000000000000        0xc /Users/Etienne/pebble-dev/PebbleSDK-2.6.1/Pebble/lib/libpebble.a(tmpDC1Ifbpebble.o)
 .text.text_layer_get_text
                0x0000000000000000        0xc /Users/Etienne/pebble-dev/PebbleSDK-2.6.1/Pebble/lib/libpebble.a(tmpDC1Ifbpebble.o)
 .text.text_layer_set_background_color
                0x0000000000000000        0xc /Users/Etienne/pebble-dev/PebbleSDK-2.6.1/Pebble/lib/libpebble.a(tmpDC1Ifbpebble.o)
 .text.text_layer_set_font
                0x0000000000000000        0xc /Users/Etienne/pebble-dev/PebbleSDK-2.6.1/Pebble/lib/libpebble.a(tmpDC1Ifbpebble.o)
 .text.text_layer_set_overflow_mode
                0x0000000000000000        0xc /Users/Etienne/pebble-dev/PebbleSDK-2.6.1/Pebble/lib/libpebble.a(tmpDC1Ifbpebble.o)
 .text.text_layer_set_size
                0x0000000000000000        0xc /Users/Etienne/pebble-dev/PebbleSDK-2.6.1/Pebble/lib/libpebble.a(tmpDC1Ifbpebble.o)
 .text.text_layer_set_text
                0x0000000000000000        0xc /Users/Etienne/pebble-dev/PebbleSDK-2.6.1/Pebble/lib/libpebble.a(tmpDC1Ifbpebble.o)
 .text.text_layer_set_text_alignment
                0x0000000000000000        0xc /Users/Etienne/pebble-dev/PebbleSDK-2.6.1/Pebble/lib/libpebble.a(tmpDC1Ifbpebble.o)
 .text.text_layer_set_text_color
                0x0000000000000000        0xc /Users/Etienne/pebble-dev/PebbleSDK-2.6.1/Pebble/lib/libpebble.a(tmpDC1Ifbpebble.o)
 .text.tick_timer_service_unsubscribe
                0x0000000000000000        0xc /Users/Etienne/pebble-dev/PebbleSDK-2.6.1/Pebble/lib/libpebble.a(tmpDC1Ifbpebble.o)
 .text.time_ms  0x0000000000000000        0xc /Users/Etienne/pebble-dev/PebbleSDK-2.6.1/Pebble/lib/libpebble.a(tmpDC1Ifbpebble.o)
 .text.vibes_cancel
                0x0000000000000000        0xc /Users/Etienne/pebble-dev/PebbleSDK-2.6.1/Pebble/lib/libpebble.a(tmpDC1Ifbpebble.o)
 .text.vibes_double_pulse
                0x0000000000000000        0xc /Users/Etienne/pebble-dev/PebbleSDK-2.6.1/Pebble/lib/libpebble.a(tmpDC1Ifbpebble.o)
 .text.vibes_enqueue_custom_pattern
                0x0000000000000000        0xc /Users/Etienne/pebble-dev/PebbleSDK-2.6.1/Pebble/lib/libpebble.a(tmpDC1Ifbpebble.o)
 .text.vibes_long_pulse
                0x0000000000000000        0xc /Users/Etienne/pebble-dev/PebbleSDK-2.6.1/Pebble/lib/libpebble.a(tmpDC1Ifbpebble.o)
 .text.vibes_short_pulse
                0x0000000000000000        0xc /Users/Etienne/pebble-dev/PebbleSDK-2.6.1/Pebble/lib/libpebble.a(tmpDC1Ifbpebble.o)
 .text.window_get_click_config_provider
                0x0000000000000000        0xc /Users/Etienne/pebble-dev/PebbleSDK-2.6.1/Pebble/lib/libpebble.a(tmpDC1Ifbpebble.o)
 .text.window_get_fullscreen
                0x0000000000000000        0xc /Users/Etienne/pebble-dev/PebbleSDK-2.6.1/Pebble/lib/libpebble.a(tmpDC1Ifbpebble.o)
 .text.window_is_loaded
                0x0000000000000000        0xc /Users/Etienne/pebble-dev/PebbleSDK-2.6.1/Pebble/lib/libpebble.a(tmpDC1Ifbpebble.o)
 .text.window_set_click_config_provider
                0x0000000000000000        0xc /Users/Etienne/pebble-dev/PebbleSDK-2.6.1/Pebble/lib/libpebble.a(tmpDC1Ifbpebble.o)
 .text.window_set_click_config_provider_with_context
                0x0000000000000000        0xc /Users/Etienne/pebble-dev/PebbleSDK-2.6.1/Pebble/lib/libpebble.a(tmpDC1Ifbpebble.o)
 .text.window_set_fullscreen
                0x0000000000000000        0xc /Users/Etienne/pebble-dev/PebbleSDK-2.6.1/Pebble/lib/libpebble.a(tmpDC1Ifbpebble.o)
 .text.window_set_status_bar_icon
                0x0000000000000000        0xc /Users/Etienne/pebble-dev/PebbleSDK-2.6.1/Pebble/lib/libpebble.a(tmpDC1Ifbpebble.o)
 .text.window_set_window_handlers
                0x0000000000000000        0xc /Users/Etienne/pebble-dev/PebbleSDK-2.6.1/Pebble/lib/libpebble.a(tmpDC1Ifbpebble.o)
 .text.window_stack_contains_window
                0x0000000000000000        0xc /Users/Etienne/pebble-dev/PebbleSDK-2.6.1/Pebble/lib/libpebble.a(tmpDC1Ifbpebble.o)
 .text.window_stack_get_top_window
                0x0000000000000000        0xc /Users/Etienne/pebble-dev/PebbleSDK-2.6.1/Pebble/lib/libpebble.a(tmpDC1Ifbpebble.o)
 .text.window_stack_pop
                0x0000000000000000        0xc /Users/Etienne/pebble-dev/PebbleSDK-2.6.1/Pebble/lib/libpebble.a(tmpDC1Ifbpebble.o)
 .text.window_stack_pop_all
                0x0000000000000000        0xc /Users/Etienne/pebble-dev/PebbleSDK-2.6.1/Pebble/lib/libpebble.a(tmpDC1Ifbpebble.o)
 .text.window_stack_remove
                0x0000000000000000        0xc /Users/Etienne/pebble-dev/PebbleSDK-2.6.1/Pebble/lib/libpebble.a(tmpDC1Ifbpebble.o)
 .text.app_focus_service_subscribe
                0x0000000000000000        0xc /Users/Etienne/pebble-dev/PebbleSDK-2.6.1/Pebble/lib/libpebble.a(tmpDC1Ifbpebble.o)
 .text.app_focus_service_unsubscribe
                0x0000000000000000        0xc /Users/Etienne/pebble-dev/PebbleSDK-2.6.1/Pebble/lib/libpebble.a(tmpDC1Ifbpebble.o)
 .text.window_get_user_data
                0x0000000000000000        0xc /Users/Etienne/pebble-dev/PebbleSDK-2.6.1/Pebble/lib/libpebble.a(tmpDC1Ifbpebble.o)
 .text.window_set_user_data
                0x0000000000000000        0xc /Users/Etienne/pebble-dev/PebbleSDK-2.6.1/Pebble/lib/libpebble.a(tmpDC1Ifbpebble.o)
 .text.app_message_get_context
                0x0000000000000000        0xc /Users/Etienne/pebble-dev/PebbleSDK-2.6.1/Pebble/lib/libpebble.a(tmpDC1Ifbpebble.o)
 .text.app_message_outbox_begin
                0x0000000000000000        0xc /Users/Etienne/pebble-dev/PebbleSDK-2.6.1/Pebble/lib/libpebble.a(tmpDC1Ifbpebble.o)
 .text.app_message_outbox_send
                0x0000000000000000        0xc /Users/Etienne/pebble-dev/PebbleSDK-2.6.1/Pebble/lib/libpebble.a(tmpDC1Ifbpebble.o)
 .text.app_message_register_inbox_dropped
                0x0000000000000000        0xc /Users/Etienne/pebble-dev/PebbleSDK-2.6.1/Pebble/lib/libpebble.a(tmpDC1Ifbpebble.o)
 .text.app_message_register_outbox_failed
                0x0000000000000000        0xc /Users/Etienne/pebble-dev/PebbleSDK-2.6.1/Pebble/lib/libpebble.a(tmpDC1Ifbpebble.o)
 .text.app_message_register_outbox_sent
                0x0000000000000000        0xc /Users/Etienne/pebble-dev/PebbleSDK-2.6.1/Pebble/lib/libpebble.a(tmpDC1Ifbpebble.o)
 .text.app_message_set_context
                0x0000000000000000        0xc /Users/Etienne/pebble-dev/PebbleSDK-2.6.1/Pebble/lib/libpebble.a(tmpDC1Ifbpebble.o)
 .text.window_long_click_subscribe
                0x0000000000000000        0xc /Users/Etienne/pebble-dev/PebbleSDK-2.6.1/Pebble/lib/libpebble.a(tmpDC1Ifbpebble.o)
 .text.window_multi_click_subscribe
                0x0000000000000000        0xc /Users/Etienne/pebble-dev/PebbleSDK-2.6.1/Pebble/lib/libpebble.a(tmpDC1Ifbpebble.o)
 .text.window_raw_click_subscribe
                0x0000000000000000        0xc /Users/Etienne/pebble-dev/PebbleSDK-2.6.1/Pebble/lib/libpebble.a(tmpDC1Ifbpebble.o)
 .text.window_set_click_context
                0x0000000000000000        0xc /Users/Etienne/pebble-dev/PebbleSDK-2.6.1/Pebble/lib/libpebble.a(tmpDC1Ifbpebble.o)
 .text.window_single_click_subscribe
                0x0000000000000000        0xc /Users/Etienne/pebble-dev/PebbleSDK-2.6.1/Pebble/lib/libpebble.a(tmpDC1Ifbpebble.o)
 .text.window_single_repeating_click_subscribe
                0x0000000000000000        0xc /Users/Etienne/pebble-dev/PebbleSDK-2.6.1/Pebble/lib/libpebble.a(tmpDC1Ifbpebble.o)
 .text.graphics_draw_text
                0x0000000000000000        0xc /Users/Etienne/pebble-dev/PebbleSDK-2.6.1/Pebble/lib/libpebble.a(tmpDC1Ifbpebble.o)
 .text.dict_serialize_tuplets_to_buffer
                0x0000000000000000        0xc /Users/Etienne/pebble-dev/PebbleSDK-2.6.1/Pebble/lib/libpebble.a(tmpDC1Ifbpebble.o)
 .text.persist_read_data
                0x0000000000000000        0xc /Users/Etienne/pebble-dev/PebbleSDK-2.6.1/Pebble/lib/libpebble.a(tmpDC1Ifbpebble.o)
 .text.persist_read_string
                0x0000000000000000        0xc /Users/Etienne/pebble-dev/PebbleSDK-2.6.1/Pebble/lib/libpebble.a(tmpDC1Ifbpebble.o)
 .text.persist_write_data
                0x0000000000000000        0xc /Users/Etienne/pebble-dev/PebbleSDK-2.6.1/Pebble/lib/libpebble.a(tmpDC1Ifbpebble.o)
 .text.dict_size
                0x0000000000000000        0xc /Users/Etienne/pebble-dev/PebbleSDK-2.6.1/Pebble/lib/libpebble.a(tmpDC1Ifbpebble.o)
 .text.graphics_text_layout_get_content_size
                0x0000000000000000        0xc /Users/Etienne/pebble-dev/PebbleSDK-2.6.1/Pebble/lib/libpebble.a(tmpDC1Ifbpebble.o)
 .text.simple_menu_layer_get_menu_layer
                0x0000000000000000        0xc /Users/Etienne/pebble-dev/PebbleSDK-2.6.1/Pebble/lib/libpebble.a(tmpDC1Ifbpebble.o)
 .text.accel_data_service_subscribe
                0x0000000000000000        0xc /Users/Etienne/pebble-dev/PebbleSDK-2.6.1/Pebble/lib/libpebble.a(tmpDC1Ifbpebble.o)
 .text.calloc   0x0000000000000000        0xc /Users/Etienne/pebble-dev/PebbleSDK-2.6.1/Pebble/lib/libpebble.a(tmpDC1Ifbpebble.o)
 .text.bitmap_layer_get_bitmap
                0x0000000000000000        0xc /Users/Etienne/pebble-dev/PebbleSDK-2.6.1/Pebble/lib/libpebble.a(tmpDC1Ifbpebble.o)
 .text.menu_layer_set_callbacks
                0x0000000000000000        0xc /Users/Etienne/pebble-dev/PebbleSDK-2.6.1/Pebble/lib/libpebble.a(tmpDC1Ifbpebble.o)
 .text.window_get_click_config_context
                0x0000000000000000        0xc /Users/Etienne/pebble-dev/PebbleSDK-2.6.1/Pebble/lib/libpebble.a(tmpDC1Ifbpebble.o)
 .text.number_window_get_window
                0x0000000000000000        0xc /Users/Etienne/pebble-dev/PebbleSDK-2.6.1/Pebble/lib/libpebble.a(tmpDC1Ifbpebble.o)
 .text.realloc  0x0000000000000000        0xc /Users/Etienne/pebble-dev/PebbleSDK-2.6.1/Pebble/lib/libpebble.a(tmpDC1Ifbpebble.o)
 .text.gbitmap_create_blank
                0x0000000000000000        0xc /Users/Etienne/pebble-dev/PebbleSDK-2.6.1/Pebble/lib/libpebble.a(tmpDC1Ifbpebble.o)
 .text.click_recognizer_is_repeating
                0x0000000000000000        0xc /Users/Etienne/pebble-dev/PebbleSDK-2.6.1/Pebble/lib/libpebble.a(tmpDC1Ifbpebble.o)
 .text.accel_raw_data_service_subscribe
                0x0000000000000000        0xc /Users/Etienne/pebble-dev/PebbleSDK-2.6.1/Pebble/lib/libpebble.a(tmpDC1Ifbpebble.o)
 .text.app_worker_is_running
                0x0000000000000000        0xc /Users/Etienne/pebble-dev/PebbleSDK-2.6.1/Pebble/lib/libpebble.a(tmpDC1Ifbpebble.o)
 .text.app_worker_kill
                0x0000000000000000        0xc /Users/Etienne/pebble-dev/PebbleSDK-2.6.1/Pebble/lib/libpebble.a(tmpDC1Ifbpebble.o)
 .text.app_worker_launch
                0x0000000000000000        0xc /Users/Etienne/pebble-dev/PebbleSDK-2.6.1/Pebble/lib/libpebble.a(tmpDC1Ifbpebble.o)
 .text.app_worker_message_subscribe
                0x0000000000000000        0xc /Users/Etienne/pebble-dev/PebbleSDK-2.6.1/Pebble/lib/libpebble.a(tmpDC1Ifbpebble.o)
 .text.app_worker_message_unsubscribe
                0x0000000000000000        0xc /Users/Etienne/pebble-dev/PebbleSDK-2.6.1/Pebble/lib/libpebble.a(tmpDC1Ifbpebble.o)
 .text.app_worker_send_message
                0x0000000000000000        0xc /Users/Etienne/pebble-dev/PebbleSDK-2.6.1/Pebble/lib/libpebble.a(tmpDC1Ifbpebble.o)
 .text.worker_event_loop
                0x0000000000000000        0xc /Users/Etienne/pebble-dev/PebbleSDK-2.6.1/Pebble/lib/libpebble.a(tmpDC1Ifbpebble.o)
 .text.worker_launch_app
                0x0000000000000000        0xc /Users/Etienne/pebble-dev/PebbleSDK-2.6.1/Pebble/lib/libpebble.a(tmpDC1Ifbpebble.o)
 .text.heap_bytes_free
                0x0000000000000000        0xc /Users/Etienne/pebble-dev/PebbleSDK-2.6.1/Pebble/lib/libpebble.a(tmpDC1Ifbpebble.o)
 .text.heap_bytes_used
                0x0000000000000000        0xc /Users/Etienne/pebble-dev/PebbleSDK-2.6.1/Pebble/lib/libpebble.a(tmpDC1Ifbpebble.o)
 .text.compass_service_peek
                0x0000000000000000        0xc /Users/Etienne/pebble-dev/PebbleSDK-2.6.1/Pebble/lib/libpebble.a(tmpDC1Ifbpebble.o)
 .text.compass_service_set_heading_filter
                0x0000000000000000        0xc /Users/Etienne/pebble-dev/PebbleSDK-2.6.1/Pebble/lib/libpebble.a(tmpDC1Ifbpebble.o)
 .text.compass_service_subscribe
                0x0000000000000000        0xc /Users/Etienne/pebble-dev/PebbleSDK-2.6.1/Pebble/lib/libpebble.a(tmpDC1Ifbpebble.o)
 .text.compass_service_unsubscribe
                0x0000000000000000        0xc /Users/Etienne/pebble-dev/PebbleSDK-2.6.1/Pebble/lib/libpebble.a(tmpDC1Ifbpebble.o)
 .text.uuid_equal
                0x0000000000000000        0xc /Users/Etienne/pebble-dev/PebbleSDK-2.6.1/Pebble/lib/libpebble.a(tmpDC1Ifbpebble.o)
 .text.uuid_to_string
                0x0000000000000000        0xc /Users/Etienne/pebble-dev/PebbleSDK-2.6.1/Pebble/lib/libpebble.a(tmpDC1Ifbpebble.o)
 .text.gpath_draw_filled
                0x0000000000000000        0xc /Users/Etienne/pebble-dev/PebbleSDK-2.6.1/Pebble/lib/libpebble.a(tmpDC1Ifbpebble.o)
 .text.animation_set_custom_curve
                0x0000000000000000        0xc /Users/Etienne/pebble-dev/PebbleSDK-2.6.1/Pebble/lib/libpebble.a(tmpDC1Ifbpebble.o)
 .text.watch_info_get_color
                0x0000000000000000        0xc /Users/Etienne/pebble-dev/PebbleSDK-2.6.1/Pebble/lib/libpebble.a(tmpDC1Ifbpebble.o)
 .text.watch_info_get_firmware_version
                0x0000000000000000        0xc /Users/Etienne/pebble-dev/PebbleSDK-2.6.1/Pebble/lib/libpebble.a(tmpDC1Ifbpebble.o)
 .text.watch_info_get_model
                0x0000000000000000        0xc /Users/Etienne/pebble-dev/PebbleSDK-2.6.1/Pebble/lib/libpebble.a(tmpDC1Ifbpebble.o)
 .text.graphics_capture_frame_buffer
                0x0000000000000000        0xc /Users/Etienne/pebble-dev/PebbleSDK-2.6.1/Pebble/lib/libpebble.a(tmpDC1Ifbpebble.o)
 .text.graphics_frame_buffer_is_captured
                0x0000000000000000        0xc /Users/Etienne/pebble-dev/PebbleSDK-2.6.1/Pebble/lib/libpebble.a(tmpDC1Ifbpebble.o)
 .text.graphics_release_frame_buffer
                0x0000000000000000        0xc /Users/Etienne/pebble-dev/PebbleSDK-2.6.1/Pebble/lib/libpebble.a(tmpDC1Ifbpebble.o)
 .text          0x0000000000000000        0x0 /Users/Etienne/pebble-dev/PebbleSDK-2.6.1/arm-cs-tools/bin/../lib/gcc/arm-none-eabi/4.7.2/thumb2/crtend.o
 .bss           0x0000000000000000        0x0 /Users/Etienne/pebble-dev/PebbleSDK-2.6.1/arm-cs-tools/bin/../lib/gcc/arm-none-eabi/4.7.2/thumb2/crtend.o
 .eh_frame      0x0000000000000000        0x4 /Users/Etienne/pebble-dev/PebbleSDK-2.6.1/arm-cs-tools/bin/../lib/gcc/arm-none-eabi/4.7.2/thumb2/crtend.o
 .jcr           0x0000000000000000        0x4 /Users/Etienne/pebble-dev/PebbleSDK-2.6.1/arm-cs-tools/bin/../lib/gcc/arm-none-eabi/4.7.2/thumb2/crtend.o
 .tm_clone_table
                0x0000000000000000        0x0 /Users/Etienne/pebble-dev/PebbleSDK-2.6.1/arm-cs-tools/bin/../lib/gcc/arm-none-eabi/4.7.2/thumb2/crtend.o
 .text          0x0000000000000000        0x0 /Users/Etienne/pebble-dev/PebbleSDK-2.6.1/arm-cs-tools/bin/../lib/gcc/arm-none-eabi/4.7.2/thumb2/crtn.o
 .bss           0x0000000000000000        0x0 /Users/Etienne/pebble-dev/PebbleSDK-2.6.1/arm-cs-tools/bin/../lib/gcc/arm-none-eabi/4.7.2/thumb2/crtn.o
 .init          0x0000000000000000        0x8 /Users/Etienne/pebble-dev/PebbleSDK-2.6.1/arm-cs-tools/bin/../lib/gcc/arm-none-eabi/4.7.2/thumb2/crtn.o
 .fini          0x0000000000000000        0x8 /Users/Etienne/pebble-dev/PebbleSDK-2.6.1/arm-cs-tools/bin/../lib/gcc/arm-none-eabi/4.7.2/thumb2/crtn.o

Memory Configuration

Name             Origin             Length             Attributes
APP              0x0000000000000000 0x0000000000006000 xrw
*default*        0x0000000000000000 0xffffffffffffffff

Linker script and memory map

LOAD /Users/Etienne/pebble-dev/PebbleSDK-2.6.1/arm-cs-tools/bin/../lib/gcc/arm-none-eabi/4.7.2/thumb2/crti.o
LOAD /Users/Etienne/pebble-dev/PebbleSDK-2.6.1/arm-cs-tools/bin/../lib/gcc/arm-none-eabi/4.7.2/thumb2/crtbegin.o
LOAD src/handwritten.c.32.o
LOAD appinfo.auto.c.32.o
LOAD autoconfig.c.32.o
LOAD /Users/Etienne/pebble-dev/PebbleSDK-2.6.1/Pebble/lib/libpebble.a
START GROUP
LOAD /Users/Etienne/pebble-dev/PebbleSDK-2.6.1/arm-cs-tools/bin/../lib/gcc/arm-none-eabi/4.7.2/thumb2/libgcc.a
LOAD /Users/Etienne/pebble-dev/PebbleSDK-2.6.1/arm-cs-tools/bin/../lib/gcc/arm-none-eabi/4.7.2/../../../../arm-none-eabi/lib/thumb2/libc.a
END GROUP
LOAD /Users/Etienne/pebble-dev/PebbleSDK-2.6.1/arm-cs-tools/bin/../lib/gcc/arm-none-eabi/4.7.2/thumb2/crtend.o
LOAD /Users/Etienne/pebble-dev/PebbleSDK-2.6.1/arm-cs-tools/bin/../lib/gcc/arm-none-eabi/4.7.2/thumb2/crtn.o

.header         0x0000000000000000       0x82
 *(.pbl_header)
 .pbl_header    0x0000000000000000       0x82 appinfo.auto.c.32.o
                0x0000000000000000                __pbl_app_info

.text           0x0000000000000084      0x72c
 *(.text)
 .text          0x0000000000000084       0x14 /Users/Etienne/pebble-dev/PebbleSDK-2.6.1/Pebble/lib/libpebble.a(tmpDC1Ifbpebble.o)
 *(.text.*)
 .text.hiding_layer_update_callback
                0x0000000000000098       0x34 src/handwritten.c.32.o
 .text.on_animation_stopped
                0x00000000000000cc        0x4 src/handwritten.c.32.o
                0x00000000000000cc                on_animation_stopped
 .text.unload_digit_image_from_slot
                0x00000000000000d0       0x4c src/handwritten.c.32.o
 .text.animate_layer
                0x000000000000011c       0x40 src/handwritten.c.32.o
                0x000000000000011c                animate_layer
 .text.display_value
                0x000000000000015c      0x1dc src/handwritten.c.32.o
 .text.display_time
                0x0000000000000338       0x98 src/handwritten.c.32.o
 .text.handle_minute_tick
                0x00000000000003d0        0x4 src/handwritten.c.32.o
 .text.in_received_handler
                0x00000000000003d4       0x58 src/handwritten.c.32.o
 .text.startup.main
                0x000000000000042c       0x70 src/handwritten.c.32.o
                0x000000000000042c                main
 .text.autoconfig_in_received_handler
                0x000000000000049c       0x28 autoconfig.c.32.o
                0x000000000000049c                autoconfig_in_received_handler
 .text.getInverted
                0x00000000000004c4       0x14 autoconfig.c.32.o
                0x00000000000004c4                getInverted
 .text.autoconfig_init
                0x00000000000004d8       0x44 autoconfig.c.32.o
                0x00000000000004d8                autoconfig_init
 .text.autoconfig_deinit
                0x000000000000051c       0x18 autoconfig.c.32.o
                0x000000000000051c                autoconfig_deinit
 .text.animation_schedule
                0x0000000000000534        0xc /Users/Etienne/pebble-dev/PebbleSDK-2.6.1/Pebble/lib/libpebble.a(tmpDC1Ifbpebble.o)
                0x0000000000000534                animation_schedule
 .text.animation_set_delay
                0x0000000000000540        0xc /Users/Etienne/pebble-dev/PebbleSDK-2.6.1/Pebble/lib/libpebble.a(tmpDC1Ifbpebble.o)
                0x0000000000000540                animation_set_delay
 .text.animation_set_duration
                0x000000000000054c        0xc /Users/Etienne/pebble-dev/PebbleSDK-2.6.1/Pebble/lib/libpebble.a(tmpDC1Ifbpebble.o)
                0x000000000000054c                animation_set_duration
 .text.animation_set_handlers
                0x0000000000000558        0xc /Users/Etienne/pebble-dev/PebbleSDK-2.6.1/Pebble/lib/libpebble.a(tmpDC1Ifbpebble.o)
                0x0000000000000558                animation_set_handlers
 .text.app_event_loop
                0x0000000000000564        0xc /Users/Etienne/pebble-dev/PebbleSDK-2.6.1/Pebble/lib/libpebble.a(tmpDC1Ifbpebble.o)
                0x0000000000000564                app_event_loop
 .text.app_message_open
                0x0000000000000570        0xc /Users/Etienne/pebble-dev/PebbleSDK-2.6.1/Pebble/lib/libpebble.a(tmpDC1Ifbpebble.o)
                0x0000000000000570                app_message_open
 .text.bitmap_layer_create
                0x000000000000057c        0xc /Users/Etienne/pebble-dev/PebbleSDK-2.6.1/Pebble/lib/libpebble.a(tmpDC1Ifbpebble.o)
                0x000000000000057c                bitmap_layer_create
 .text.bitmap_layer_destroy
                0x0000000000000588        0xc /Users/Etienne/pebble-dev/PebbleSDK-2.6.1/Pebble/lib/libpebble.a(tmpDC1Ifbpebble.o)
                0x0000000000000588                bitmap_layer_destroy
 .text.bitmap_layer_get_layer
                0x0000000000000594        0xc /Users/Etienne/pebble-dev/PebbleSDK-2.6.1/Pebble/lib/libpebble.a(tmpDC1Ifbpebble.o)
                0x0000000000000594                bitmap_layer_get_layer
 .text.bitmap_layer_set_bitmap
                0x00000000000005a0        0xc /Users/Etienne/pebble-dev/PebbleSDK-2.6.1/Pebble/lib/libpebble.a(tmpDC1Ifbpebble.o)
                0x00000000000005a0                bitmap_layer_set_bitmap
 .text.bitmap_layer_set_compositing_mode
                0x00000000000005ac        0xc /Users/Etienne/pebble-dev/PebbleSDK-2.6.1/Pebble/lib/libpebble.a(tmpDC1Ifbpebble.o)
                0x00000000000005ac                bitmap_layer_set_compositing_mode
 .text.dict_find
                0x00000000000005b8        0xc /Users/Etienne/pebble-dev/PebbleSDK-2.6.1/Pebble/lib/libpebble.a(tmpDC1Ifbpebble.o)
                0x00000000000005b8                dict_find
 .text.gbitmap_create_with_resource
                0x00000000000005c4        0xc /Users/Etienne/pebble-dev/PebbleSDK-2.6.1/Pebble/lib/libpebble.a(tmpDC1Ifbpebble.o)
                0x00000000000005c4                gbitmap_create_with_resource
 .text.gbitmap_destroy
                0x00000000000005d0        0xc /Users/Etienne/pebble-dev/PebbleSDK-2.6.1/Pebble/lib/libpebble.a(tmpDC1Ifbpebble.o)
                0x00000000000005d0                gbitmap_destroy
 .text.graphics_context_set_fill_color
                0x00000000000005dc        0xc /Users/Etienne/pebble-dev/PebbleSDK-2.6.1/Pebble/lib/libpebble.a(tmpDC1Ifbpebble.o)
                0x00000000000005dc                graphics_context_set_fill_color
 .text.graphics_fill_rect
                0x00000000000005e8        0xc /Users/Etienne/pebble-dev/PebbleSDK-2.6.1/Pebble/lib/libpebble.a(tmpDC1Ifbpebble.o)
                0x00000000000005e8                graphics_fill_rect
 .text.layer_add_child
                0x00000000000005f4        0xc /Users/Etienne/pebble-dev/PebbleSDK-2.6.1/Pebble/lib/libpebble.a(tmpDC1Ifbpebble.o)
                0x00000000000005f4                layer_add_child
 .text.layer_create
                0x0000000000000600        0xc /Users/Etienne/pebble-dev/PebbleSDK-2.6.1/Pebble/lib/libpebble.a(tmpDC1Ifbpebble.o)
                0x0000000000000600                layer_create
 .text.layer_get_bounds
                0x000000000000060c        0xc /Users/Etienne/pebble-dev/PebbleSDK-2.6.1/Pebble/lib/libpebble.a(tmpDC1Ifbpebble.o)
                0x000000000000060c                layer_get_bounds
 .text.layer_remove_from_parent
                0x0000000000000618        0xc /Users/Etienne/pebble-dev/PebbleSDK-2.6.1/Pebble/lib/libpebble.a(tmpDC1Ifbpebble.o)
                0x0000000000000618                layer_remove_from_parent
 .text.layer_set_update_proc
                0x0000000000000624        0xc /Users/Etienne/pebble-dev/PebbleSDK-2.6.1/Pebble/lib/libpebble.a(tmpDC1Ifbpebble.o)
                0x0000000000000624                layer_set_update_proc
 .text.localtime
                0x0000000000000630        0xc /Users/Etienne/pebble-dev/PebbleSDK-2.6.1/Pebble/lib/libpebble.a(tmpDC1Ifbpebble.o)
                0x0000000000000630                localtime
 .text.persist_exists
                0x000000000000063c        0xc /Users/Etienne/pebble-dev/PebbleSDK-2.6.1/Pebble/lib/libpebble.a(tmpDC1Ifbpebble.o)
                0x000000000000063c                persist_exists
 .text.persist_read_bool
                0x0000000000000648        0xc /Users/Etienne/pebble-dev/PebbleSDK-2.6.1/Pebble/lib/libpebble.a(tmpDC1Ifbpebble.o)
                0x0000000000000648                persist_read_bool
 .text.persist_write_bool
                0x0000000000000654        0xc /Users/Etienne/pebble-dev/PebbleSDK-2.6.1/Pebble/lib/libpebble.a(tmpDC1Ifbpebble.o)
                0x0000000000000654                persist_write_bool
 .text.property_animation_create_layer_frame
                0x0000000000000660        0xc /Users/Etienne/pebble-dev/PebbleSDK-2.6.1/Pebble/lib/libpebble.a(tmpDC1Ifbpebble.o)
                0x0000000000000660                property_animation_create_layer_frame
 .text.property_animation_destroy
                0x000000000000066c        0xc /Users/Etienne/pebble-dev/PebbleSDK-2.6.1/Pebble/lib/libpebble.a(tmpDC1Ifbpebble.o)
                0x000000000000066c                property_animation_destroy
 .text.tick_timer_service_subscribe
                0x0000000000000678        0xc /Users/Etienne/pebble-dev/PebbleSDK-2.6.1/Pebble/lib/libpebble.a(tmpDC1Ifbpebble.o)
                0x0000000000000678                tick_timer_service_subscribe
 .text.time     0x0000000000000684        0xc /Users/Etienne/pebble-dev/PebbleSDK-2.6.1/Pebble/lib/libpebble.a(tmpDC1Ifbpebble.o)
                0x0000000000000684                time
 .text.window_create
                0x0000000000000690        0xc /Users/Etienne/pebble-dev/PebbleSDK-2.6.1/Pebble/lib/libpebble.a(tmpDC1Ifbpebble.o)
                0x0000000000000690                window_create
 .text.window_destroy
                0x000000000000069c        0xc /Users/Etienne/pebble-dev/PebbleSDK-2.6.1/Pebble/lib/libpebble.a(tmpDC1Ifbpebble.o)
                0x000000000000069c                window_destroy
 .text.window_get_root_layer
                0x00000000000006a8        0xc /Users/Etienne/pebble-dev/PebbleSDK-2.6.1/Pebble/lib/libpebble.a(tmpDC1Ifbpebble.o)
                0x00000000000006a8                window_get_root_layer
 .text.window_set_background_color
                0x00000000000006b4        0xc /Users/Etienne/pebble-dev/PebbleSDK-2.6.1/Pebble/lib/libpebble.a(tmpDC1Ifbpebble.o)
                0x00000000000006b4                window_set_background_color
 .text.window_stack_push
                0x00000000000006c0        0xc /Users/Etienne/pebble-dev/PebbleSDK-2.6.1/Pebble/lib/libpebble.a(tmpDC1Ifbpebble.o)
                0x00000000000006c0                window_stack_push
 .text.app_message_inbox_size_maximum
                0x00000000000006cc        0xc /Users/Etienne/pebble-dev/PebbleSDK-2.6.1/Pebble/lib/libpebble.a(tmpDC1Ifbpebble.o)
                0x00000000000006cc                app_message_inbox_size_maximum
 .text.app_message_outbox_size_maximum
                0x00000000000006d8        0xc /Users/Etienne/pebble-dev/PebbleSDK-2.6.1/Pebble/lib/libpebble.a(tmpDC1Ifbpebble.o)
                0x00000000000006d8                app_message_outbox_size_maximum
 .text.app_message_register_inbox_received
                0x00000000000006e4        0xc /Users/Etienne/pebble-dev/PebbleSDK-2.6.1/Pebble/lib/libpebble.a(tmpDC1Ifbpebble.o)
                0x00000000000006e4                app_message_register_inbox_received
 *(.rodata)
 *(.rodata*)
 .rodata.image_screen_ratio
                0x00000000000006f0       0x60 src/handwritten.c.32.o
                0x00000000000006f0                image_screen_ratio
 .rodata.IMAGE_RESOURCE_IDS
                0x0000000000000750       0x60 src/handwritten.c.32.o
                0x0000000000000750                IMAGE_RESOURCE_IDS

.glue_7         0x00000000000007b0        0x0
 .glue_7        0x0000000000000000        0x0 linker stubs

.glue_7t        0x00000000000007b0        0x0
 .glue_7t       0x0000000000000000        0x0 linker stubs

.vfp11_veneer   0x00000000000007b0        0x0
 .vfp11_veneer  0x0000000000000000        0x0 linker stubs

.v4_bx          0x00000000000007b0        0x0
 .v4_bx         0x0000000000000000        0x0 linker stubs

.iplt           0x00000000000007b0        0x0
 .iplt          0x0000000000000000        0x0 /Users/Etienne/pebble-dev/PebbleSDK-2.6.1/arm-cs-tools/bin/../lib/gcc/arm-none-eabi/4.7.2/thumb2/crtbegin.o

.rel.dyn        0x00000000000007b0        0x0
 .rel.iplt      0x0000000000000000        0x0 /Users/Etienne/pebble-dev/PebbleSDK-2.6.1/arm-cs-tools/bin/../lib/gcc/arm-none-eabi/4.7.2/thumb2/crtbegin.o
 .rel.got       0x0000000000000000        0x0 /Users/Etienne/pebble-dev/PebbleSDK-2.6.1/arm-cs-tools/bin/../lib/gcc/arm-none-eabi/4.7.2/thumb2/crtbegin.o

.data           0x00000000000007b0       0x18
 *(.data)
 .data          0x00000000000007b0        0x0 /Users/Etienne/pebble-dev/PebbleSDK-2.6.1/arm-cs-tools/bin/../lib/gcc/arm-none-eabi/4.7.2/thumb2/crti.o
 .data          0x00000000000007b0        0x4 /Users/Etienne/pebble-dev/PebbleSDK-2.6.1/arm-cs-tools/bin/../lib/gcc/arm-none-eabi/4.7.2/thumb2/crtbegin.o
                0x00000000000007b0                __dso_handle
 .data          0x00000000000007b4        0x0 src/handwritten.c.32.o
 .data          0x00000000000007b4        0x0 appinfo.auto.c.32.o
 .data          0x00000000000007b4        0x0 autoconfig.c.32.o
 .data          0x00000000000007b4        0x0 /Users/Etienne/pebble-dev/PebbleSDK-2.6.1/Pebble/lib/libpebble.a(tmpDC1Ifbpebble.o)
 .data          0x00000000000007b4        0x0 /Users/Etienne/pebble-dev/PebbleSDK-2.6.1/arm-cs-tools/bin/../lib/gcc/arm-none-eabi/4.7.2/thumb2/crtend.o
 .data          0x00000000000007b4        0x0 /Users/Etienne/pebble-dev/PebbleSDK-2.6.1/arm-cs-tools/bin/../lib/gcc/arm-none-eabi/4.7.2/thumb2/crtn.o
 *(.data.*)
 .data.image_slot_state
                0x00000000000007b4        0xc src/handwritten.c.32.o
 .data.last_written
                0x00000000000007c0        0x4 src/handwritten.c.32.o
 .data.before_last_written
                0x00000000000007c4        0x4 src/handwritten.c.32.o

.igot.plt       0x00000000000007c8        0x0
 .igot.plt      0x0000000000000000        0x0 /Users/Etienne/pebble-dev/PebbleSDK-2.6.1/arm-cs-tools/bin/../lib/gcc/arm-none-eabi/4.7.2/thumb2/crtbegin.o

.got            0x00000000000007c8        0x4
 .got           0x00000000000007c8        0x4 /Users/Etienne/pebble-dev/PebbleSDK-2.6.1/arm-cs-tools/bin/../lib/gcc/arm-none-eabi/4.7.2/thumb2/crtbegin.o

.got.plt        0x00000000000007cc        0xc
 .got.plt       0x00000000000007cc        0xc /Users/Etienne/pebble-dev/PebbleSDK-2.6.1/arm-cs-tools/bin/../lib/gcc/arm-none-eabi/4.7.2/thumb2/crtbegin.o
                0x00000000000007cc                _GLOBAL_OFFSET_TABLE_

.bss            0x00000000000007d8       0x29
 *(.bss)
 *(.bss.*)
 .bss.images    0x00000000000007d8        0xc src/handwritten.c.32.o
 .bss.hiding_layers
                0x00000000000007e4        0xc src/handwritten.c.32.o
 .bss.image_layers
                0x00000000000007f0        0xc src/handwritten.c.32.o
 .bss.window    0x00000000000007fc        0x4 src/handwritten.c.32.o
 COMMON         0x0000000000000800        0x1 autoconfig.c.32.o
                0x0000000000000800                _Inverted

DISCARD
 libc.a(*)
 libm.a(*)
 libgcc.a(*)
 *(.eh_frame)
OUTPUT(/Users/Etienne/pebble-dev/handwritten/build/pebble-app.elf elf32-littlearm)

.ARM.attributes
                0x0000000000000000       0x27
 .ARM.attributes
                0x0000000000000000       0x19 /Users/Etienne/pebble-dev/PebbleSDK-2.6.1/arm-cs-tools/bin/../lib/gcc/arm-none-eabi/4.7.2/thumb2/crti.o
 .ARM.attributes
                0x0000000000000019       0x29 /Users/Etienne/pebble-dev/PebbleSDK-2.6.1/arm-cs-tools/bin/../lib/gcc/arm-none-eabi/4.7.2/thumb2/crtbegin.o
 .ARM.attributes
                0x0000000000000042       0x33 src/handwritten.c.32.o
 .ARM.attributes
                0x0000000000000075       0x33 appinfo.auto.c.32.o
 .ARM.attributes
                0x00000000000000a8       0x33 autoconfig.c.32.o
 .ARM.attributes
                0x00000000000000db       0x21 /Users/Etienne/pebble-dev/PebbleSDK-2.6.1/Pebble/lib/libpebble.a(tmpDC1Ifbpebble.o)
 .ARM.attributes
                0x00000000000000fc       0x29 /Users/Etienne/pebble-dev/PebbleSDK-2.6.1/arm-cs-tools/bin/../lib/gcc/arm-none-eabi/4.7.2/thumb2/crtend.o
 .ARM.attributes
                0x0000000000000125       0x19 /Users/Etienne/pebble-dev/PebbleSDK-2.6.1/arm-cs-tools/bin/../lib/gcc/arm-none-eabi/4.7.2/thumb2/crtn.o

.comment        0x0000000000000000       0x4e
 .comment       0x0000000000000000       0x4e /Users/Etienne/pebble-dev/PebbleSDK-2.6.1/arm-cs-tools/bin/../lib/gcc/arm-none-eabi/4.7.2/thumb2/crtbegin.o
                                         0x4f (size before relaxing)
 .comment       0x0000000000000000       0x4f src/handwritten.c.32.o
 .comment       0x0000000000000000       0x4f appinfo.auto.c.32.o
 .comment       0x0000000000000000       0x4f autoconfig.c.32.o
 .comment       0x0000000000000000       0x4f /Users/Etienne/pebble-dev/PebbleSDK-2.6.1/arm-cs-tools/bin/../lib/gcc/arm-none-eabi/4.7.2/thumb2/crtend.o

.debug_info     0x0000000000000000     0x20c3
 .debug_info    0x0000000000000000     0x17a8 src/handwritten.c.32.o
 .debug_info    0x00000000000017a8      0x3c5 appinfo.auto.c.32.o
 .debug_info    0x0000000000001b6d      0x556 autoconfig.c.32.o

.debug_abbrev   0x0000000000000000      0x79c
 .debug_abbrev  0x0000000000000000      0x49e src/handwritten.c.32.o
 .debug_abbrev  0x000000000000049e       0x9e appinfo.auto.c.32.o
 .debug_abbrev  0x000000000000053c      0x260 autoconfig.c.32.o

.debug_loc      0x0000000000000000      0x9fd
 .debug_loc     0x0000000000000000      0x944 src/handwritten.c.32.o
 .debug_loc     0x0000000000000944       0xb9 autoconfig.c.32.o

.debug_aranges  0x0000000000000000       0xb8
 .debug_aranges
                0x0000000000000000       0x60 src/handwritten.c.32.o
 .debug_aranges
                0x0000000000000060       0x18 appinfo.auto.c.32.o
 .debug_aranges
                0x0000000000000078       0x40 autoconfig.c.32.o

.debug_ranges   0x0000000000000000       0xe0
 .debug_ranges  0x0000000000000000       0x98 src/handwritten.c.32.o
 .debug_ranges  0x0000000000000098       0x48 autoconfig.c.32.o

.debug_line     0x0000000000000000      0x63d
 .debug_line    0x0000000000000000      0x3a1 src/handwritten.c.32.o
 .debug_line    0x00000000000003a1      0x124 appinfo.auto.c.32.o
 .debug_line    0x00000000000004c5      0x178 autoconfig.c.32.o

.debug_str      0x0000000000000000     0x11e4
 .debug_str     0x0000000000000000      0xdd0 src/handwritten.c.32.o
                                        0xee2 (size before relaxing)
 .debug_str     0x0000000000000dd0      0x20c appinfo.auto.c.32.o
                                        0x589 (size before relaxing)
 .debug_str     0x0000000000000fdc      0x208 autoconfig.c.32.o
                                        0x457 (size before relaxing)

.debug_frame    0x0000000000000000      0x174
 .debug_frame   0x0000000000000000      0x100 src/handwritten.c.32.o
 .debug_frame   0x0000000000000100       0x74 autoconfig.c.32.o
